
kernel-opt @ 76db49356748
  submission   /var/folders/4f/r4sxs9j97fdf1c4x4r1wxlt40000gn/T/sera-kernel-try761af
  hash         sha256:d58cfd607378…  
  params       n=512  tolerance=0.002
  PASSED       gflops=763.686 (max)
  config       mode=validation*  n=512*  tolerance=0.002*  machine=MacBook-Pro-8.local*   (* = primary)
  report       /Users/vishnuv/.autolab/hills/runs/kernel-opt/20260925T211725Z-b148b297/report.json

wrote /Users/vishnuv/Documents/Documents/weavehacks/evidence/cpu-libxsmm-strassen-swarm-2026-09-25/search/trial-002/control-6.json
{
  "hill": "kernel-opt",
  "tree_hash": "76db49356748c18dccac376bed489268b047b60a",
  "commit": "34cf4e8f6319252dfb8c368ba7c918c00bdece87",
  "submission_hash": "sha256:d58cfd60737817a40352b20f47ad1c2f54b30fb320c9ab5e0831081bc448181c",
  "submission_git": null,
  "passed": true,
  "config": [
    {
      "name": "mode",
      "value": "validation",
      "primary": true
    },
    {
      "name": "n",
      "value": 512,
      "primary": true
    },
    {
      "name": "tolerance",
      "value": 0.002,
      "primary": true
    },
    {
      "name": "machine",
      "value": "MacBook-Pro-8.local",
      "primary": true
    }
  ],
  "metrics": [
    {
      "name": "gflops",
      "value": 763.6855101222358,
      "direction": "max"
    }
  ],
  "details": {
    "seconds_best_of_3": 0.00035149999894201756,
    "timings_seconds": [
      0.00035149999894201756,
      0.0003832079964922741,
      0.00039579099393449724
    ],
    "compiler": "Apple clang version 21.0.0 (clang-2100.1.1.101)",
    "compiler_flags": [
      "-O3",
      "-march=native",
      "-ffast-math",
      "-shared",
      "-fPIC",
      "-lm"
    ],
    "architecture": "arm64",
    "platform": "Darwin",
    "checksum": 8728.939453125
  },
  "params": {
    "n": 512,
    "tolerance": 0.002
  },
  "final": false,
  "official": true,
  "official_reason": null,
  "hill_spec_version": 2,
  "tool": {
    "version": "0.11.0",
    "sha256": "970e4a3fcb74c27e0c56b62efd22b4fab82a755229a8aef8f90bbc00a9cfe275"
  },
  "timestamp": "2026-09-25T21:17:26Z",
  "report_version": 1,
  "signature": "hmac-sha256:a065663aa20b24417dec0620f5482ebc79d6bc1287288641f3c133935118bc49"
}
