
kernel-opt @ 76db49356748
  submission   /var/folders/4f/r4sxs9j97fdf1c4x4r1wxlt40000gn/T/sera-kernel-65s5jbtv
  hash         sha256:d58cfd607378…  
  params       n=512  tolerance=0.002
  PASSED       gflops=1104.1 (max)
  config       mode=validation*  n=512*  tolerance=0.002*  machine=MacBook-Pro-8.local*   (* = primary)
  report       /Users/vishnuv/.autolab/hills/runs/kernel-opt/20260925T211728Z-15e4fa1d/report.json

wrote /Users/vishnuv/Documents/Documents/weavehacks/evidence/cpu-libxsmm-strassen-swarm-2026-09-25/search/trial-002/control-7.json
{
  "hill": "kernel-opt",
  "tree_hash": "76db49356748c18dccac376bed489268b047b60a",
  "commit": "34cf4e8f6319252dfb8c368ba7c918c00bdece87",
  "submission_hash": "sha256:d58cfd60737817a40352b20f47ad1c2f54b30fb320c9ab5e0831081bc448181c",
  "submission_git": null,
  "passed": true,
  "config": [
    {
      "name": "mode",
      "value": "validation",
      "primary": true
    },
    {
      "name": "n",
      "value": 512,
      "primary": true
    },
    {
      "name": "tolerance",
      "value": 0.002,
      "primary": true
    },
    {
      "name": "machine",
      "value": "MacBook-Pro-8.local",
      "primary": true
    }
  ],
  "metrics": [
    {
      "name": "gflops",
      "value": 1104.1046888984345,
      "direction": "max"
    }
  ],
  "details": {
    "seconds_best_of_3": 0.0002431250031804666,
    "timings_seconds": [
      0.00030849999166093767,
      0.0002431250031804666,
      0.000400500008254312
    ],
    "compiler": "Apple clang version 21.0.0 (clang-2100.1.1.101)",
    "compiler_flags": [
      "-O3",
      "-march=native",
      "-ffast-math",
      "-shared",
      "-fPIC",
      "-lm"
    ],
    "architecture": "arm64",
    "platform": "Darwin",
    "checksum": 8728.939453125
  },
  "params": {
    "n": 512,
    "tolerance": 0.002
  },
  "final": false,
  "official": true,
  "official_reason": null,
  "hill_spec_version": 2,
  "tool": {
    "version": "0.11.0",
    "sha256": "970e4a3fcb74c27e0c56b62efd22b4fab82a755229a8aef8f90bbc00a9cfe275"
  },
  "timestamp": "2026-09-25T21:17:28Z",
  "report_version": 1,
  "signature": "hmac-sha256:d1955aaddeea3a7ea92ed3721173173da2f1d500192f5971e5c87c77bc53d3c0"
}
