
kernel-opt @ 76db49356748
  submission   /var/folders/4f/r4sxs9j97fdf1c4x4r1wxlt40000gn/T/sera-kernel-viprq1gp
  hash         sha256:587a3d274203…  
  params       n=512  tolerance=0.002
  PASSED       gflops=1040.11 (max)
  config       mode=validation*  n=512*  tolerance=0.002*  machine=MacBook-Pro-8.local*   (* = primary)
  report       /Users/vishnuv/.autolab/hills/runs/kernel-opt/20260925T064013Z-e1e460d8/report.json

wrote /Users/vishnuv/Documents/Documents/weavehacks/evidence/cpu-libxsmm-measure-prepared-2026-09-24/search/trial-003/control-1.json
{
  "hill": "kernel-opt",
  "tree_hash": "76db49356748c18dccac376bed489268b047b60a",
  "commit": "34cf4e8f6319252dfb8c368ba7c918c00bdece87",
  "submission_hash": "sha256:587a3d274203c4eb9f82282744d91c9720b2c4d023c35bd247db17cdba4c13e2",
  "submission_git": null,
  "passed": true,
  "config": [
    {
      "name": "mode",
      "value": "validation",
      "primary": true
    },
    {
      "name": "n",
      "value": 512,
      "primary": true
    },
    {
      "name": "tolerance",
      "value": 0.002,
      "primary": true
    },
    {
      "name": "machine",
      "value": "MacBook-Pro-8.local",
      "primary": true
    }
  ],
  "metrics": [
    {
      "name": "gflops",
      "value": 1040.1128771679143,
      "direction": "max"
    }
  ],
  "details": {
    "seconds_best_of_3": 0.00025808300415519625,
    "timings_seconds": [
      0.00033141700259875506,
      0.0002732499997364357,
      0.00025808300415519625
    ],
    "compiler": "Apple clang version 21.0.0 (clang-2100.1.1.101)",
    "compiler_flags": [
      "-O3",
      "-march=native",
      "-ffast-math",
      "-shared",
      "-fPIC",
      "-lm"
    ],
    "architecture": "arm64",
    "platform": "Darwin",
    "checksum": 8728.939453125
  },
  "params": {
    "n": 512,
    "tolerance": 0.002
  },
  "final": false,
  "official": true,
  "official_reason": null,
  "hill_spec_version": 2,
  "tool": {
    "version": "0.11.0",
    "sha256": "970e4a3fcb74c27e0c56b62efd22b4fab82a755229a8aef8f90bbc00a9cfe275"
  },
  "timestamp": "2026-09-25T06:40:14Z",
  "report_version": 1,
  "signature": "hmac-sha256:07f5a40d4c9da08d707e271608eac72f0e3c78947ae9df77fd1dd92126fb719c"
}
