SCORED /Users/vishnuv/Documents/Documents/weavehacks/evidence/cpu-libxsmm-dataflow-board-2026-09-25/search/trial-000/validation-0.json [{'name': 'gflops', 'value': 1065.9264503266616, 'direction': 'max'}]
SCORED /Users/vishnuv/Documents/Documents/weavehacks/evidence/cpu-libxsmm-dataflow-board-2026-09-25/search/trial-000/validation-1.json [{'name': 'gflops', 'value': 1092.6801364918144, 'direction': 'max'}]
SCORED /Users/vishnuv/Documents/Documents/weavehacks/evidence/cpu-libxsmm-dataflow-board-2026-09-25/search/trial-000/validation-2.json [{'name': 'gflops', 'value': 1049.4285648616126, 'direction': 'max'}]
SCORED /Users/vishnuv/Documents/Documents/weavehacks/evidence/cpu-libxsmm-dataflow-board-2026-09-25/search/trial-000/validation-3.json [{'name': 'gflops', 'value': 830.7479859118802, 'direction': 'max'}]
SCORED /Users/vishnuv/Documents/Documents/weavehacks/evidence/cpu-libxsmm-dataflow-board-2026-09-25/search/trial-000/validation-4.json [{'name': 'gflops', 'value': 965.5950912996279, 'direction': 'max'}]
SCORED /Users/vishnuv/Documents/Documents/weavehacks/evidence/cpu-libxsmm-dataflow-board-2026-09-25/search/trial-000/validation-5.json [{'name': 'gflops', 'value': 1099.9560103146712, 'direction': 'max'}]
SCORED /Users/vishnuv/Documents/Documents/weavehacks/evidence/cpu-libxsmm-dataflow-board-2026-09-25/search/trial-000/validation-6.json [{'name': 'gflops', 'value': 1094.1677076663595, 'direction': 'max'}]
SCORED /Users/vishnuv/Documents/Documents/weavehacks/evidence/cpu-libxsmm-dataflow-board-2026-09-25/search/trial-000/validation-7.json [{'name': 'gflops', 'value': 794.3828585635054, 'direction': 'max'}]
SCORED /Users/vishnuv/Documents/Documents/weavehacks/evidence/cpu-libxsmm-dataflow-board-2026-09-25/search/trial-000/validation-8.json [{'name': 'gflops', 'value': 1012.9639479174097, 'direction': 'max'}]
SCORED /Users/vishnuv/Documents/Documents/weavehacks/evidence/cpu-libxsmm-dataflow-board-2026-09-25/search/trial-000/validation-9.json [{'name': 'gflops', 'value': 968.0606440240201, 'direction': 'max'}]
Traceback (most recent call last):
  File "/Users/vishnuv/Documents/Documents/weavehacks/evidence/cpu-libxsmm-dataflow-board-2026-09-25/run.py", line 263, in <module>
    main()
  File "/Users/vishnuv/Documents/Documents/weavehacks/evidence/cpu-libxsmm-dataflow-board-2026-09-25/run.py", line 251, in main
    result = optimize_kernel(baseline=KernelCandidate('libxsmm-reference-with-unused-256-primitive',source,
             ^^^^^^^^^^^^^^^^^^^^^^^^^^^^^^^^^^^^^^^^^^^^^^^^^^^^^^^^^^^^^^^^^^^^^^^^^^^^^^^^^^^^^^^^^^^^^^
  File "/Users/vishnuv/Documents/Documents/weavehacks/sera/kernel_search.py", line 185, in optimize_kernel
    candidate = propose.propose(history, timeout=deadline - time.monotonic())
                ^^^^^^^^^^^^^^^^^^^^^^^^^^^^^^^^^^^^^^^^^^^^^^^^^^^^^^^^^^^^^
  File "/Users/vishnuv/Documents/Documents/weavehacks/sera/kernel_advisory.py", line 182, in propose
    candidate = self._propose_batch(history, deadline)
                ^^^^^^^^^^^^^^^^^^^^^^^^^^^^^^^^^^^^^^
  File "/Users/vishnuv/Documents/Documents/weavehacks/sera/kernel_advisory.py", line 219, in _propose_batch
    plan = self._request(coordinator, common + '\nYou are Sera, the implementing coordinator. '
           ^^^^^^^^^^^^^^^^^^^^^^^^^^^^^^^^^^^^^^^^^^^^^^^^^^^^^^^^^^^^^^^^^^^^^^^^^^^^^^^^^^^^
  File "/Users/vishnuv/Documents/Documents/weavehacks/sera/kernel_advisory.py", line 95, in _request
    return agent.request(prompt, schema, timeout=timeout)
           ^^^^^^^^^^^^^^^^^^^^^^^^^^^^^^^^^^^^^^^^^^^^^^
  File "/Users/vishnuv/Documents/Documents/weavehacks/sera/codex_agent.py", line 93, in request
    run_command(
  File "/Users/vishnuv/Documents/Documents/weavehacks/sera/kernel_tools.py", line 37, in run_command
    return _communicate(args, cwd=cwd, timeout=timeout, input_text=input_text, log=log)
           ^^^^^^^^^^^^^^^^^^^^^^^^^^^^^^^^^^^^^^^^^^^^^^^^^^^^^^^^^^^^^^^^^^^^^^^^^^^^
  File "/Users/vishnuv/Documents/Documents/weavehacks/sera/kernel_tools.py", line 48, in _communicate
    output, _ = process.communicate(input_text, timeout=timeout)
                ^^^^^^^^^^^^^^^^^^^^^^^^^^^^^^^^^^^^^^^^^^^^^^^^
  File "/Users/vishnuv/.local/share/uv/python/cpython-3.11.15-macos-aarch64-none/lib/python3.11/subprocess.py", line 1209, in communicate
    stdout, stderr = self._communicate(input, endtime, timeout)
                     ^^^^^^^^^^^^^^^^^^^^^^^^^^^^^^^^^^^^^^^^^^
  File "/Users/vishnuv/.local/share/uv/python/cpython-3.11.15-macos-aarch64-none/lib/python3.11/subprocess.py", line 2141, in _communicate
    self.wait(timeout=self._remaining_time(endtime))
  File "/Users/vishnuv/.local/share/uv/python/cpython-3.11.15-macos-aarch64-none/lib/python3.11/subprocess.py", line 1264, in wait
    return self._wait(timeout=timeout)
           ^^^^^^^^^^^^^^^^^^^^^^^^^^^
  File "/Users/vishnuv/.local/share/uv/python/cpython-3.11.15-macos-aarch64-none/lib/python3.11/subprocess.py", line 2047, in _wait
    time.sleep(delay)
KeyboardInterrupt
