[36m[1mweave[0m: weave version 0.53.9 is available!  To upgrade, please run:
[36m[1mweave[0m:  $ pip install weave --upgrade
[36m[1mweave[0m: Logged in as Weights & Biases user: vvennela.
[36m[1mweave[0m: View Weave data at https://wandb.ai/vvennela-n-a/wandb_agent_default_project/weave
# Sera single-model result

Status: ready
Selection: candidate
Reason: candidate-meets-constraints-baseline-does-not

Objective: {'priority': 'throughput', 'min_improvement_fraction': 0.05}
Measured frontier: ['candidate']
Task scores use the supplied versioned evaluator; see each trial's gate and constraints.
This is one comparison, not a statistically established speedup.

Baseline: infeasible; requests=unavailable; p95=unavailable ms; throughput=unavailable output tokens/s; peak memory=unavailable MiB; output tokens=unavailable; startup=unavailable s.
Candidate: collected; requests=24; p95=573.2001020005555 ms; throughput=13.66521257947226 output tokens/s; peak memory=88449 MiB; output tokens=165; startup=60.06150916200022 s.
Task score: 1.0000; required >= 0.99; pass=True.
Hard limits: {'quality_floor': 0.99, 'p95_latency_ms': None, 'max_memory_mib': None}; failures: {'baseline': ['estimated-memory-does-not-fit'], 'candidate': []}.

Workload: {'prompt_count': 8, 'concurrency': 1, 'warmup_requests': 8, 'measured_requests': 24, 'quality_requests': 8}
Generation: {'temperature': 0, 'top_p': 1, 'top_k': -1, 'seed': 0, 'max_tokens': 64, 'enable_thinking': False}
Record: /marimo/sera-evidence/demo-rehearsal-v1/result.json

Runner is ready. These new prompts are not part of the quality score. Blank input stops it.
Prompt: {"answer": 15}
Prompt: [36m[1mweave[0m: 🍩 https://wandb.ai/vvennela-n-a/wandb_agent_default_project/r/call/01a098fd-3764-70a9-ad92-0f6d96e1bdb1
