SWARM EXPERIMENT ORDER: ['sme_fp32_tiles', 'compiler_codegen', 'address_generation']
SCORED /Users/vishnuv/Documents/Documents/weavehacks/evidence/cpu-swarm-ac-2026-09-24/search/trial-000/validation-0.json True [{'name': 'gflops', 'value': 1270.2012501061822, 'direction': 'max'}]
SCORED /Users/vishnuv/Documents/Documents/weavehacks/evidence/cpu-swarm-ac-2026-09-24/search/trial-000/validation-1.json True [{'name': 'gflops', 'value': 1445.789816356168, 'direction': 'max'}]
SCORED /Users/vishnuv/Documents/Documents/weavehacks/evidence/cpu-swarm-ac-2026-09-24/search/trial-000/validation-2.json True [{'name': 'gflops', 'value': 1536.8500954022952, 'direction': 'max'}]
SCORED /Users/vishnuv/Documents/Documents/weavehacks/evidence/cpu-swarm-ac-2026-09-24/search/trial-001/control-0.json True [{'name': 'gflops', 'value': 1510.1854052116528, 'direction': 'max'}]
SCORED /Users/vishnuv/Documents/Documents/weavehacks/evidence/cpu-swarm-ac-2026-09-24/search/trial-001/validation-0.json True [{'name': 'gflops', 'value': 47.93241209471232, 'direction': 'max'}]
SCORED /Users/vishnuv/Documents/Documents/weavehacks/evidence/cpu-swarm-ac-2026-09-24/search/trial-001/validation-1.json True [{'name': 'gflops', 'value': 49.597756196464964, 'direction': 'max'}]
SCORED /Users/vishnuv/Documents/Documents/weavehacks/evidence/cpu-swarm-ac-2026-09-24/search/trial-001/control-1.json True [{'name': 'gflops', 'value': 1226.6624724723301, 'direction': 'max'}]
SCORED /Users/vishnuv/Documents/Documents/weavehacks/evidence/cpu-swarm-ac-2026-09-24/search/trial-001/control-2.json True [{'name': 'gflops', 'value': 1145.3246378666672, 'direction': 'max'}]
SCORED /Users/vishnuv/Documents/Documents/weavehacks/evidence/cpu-swarm-ac-2026-09-24/search/trial-001/validation-2.json True [{'name': 'gflops', 'value': 47.70277766706538, 'direction': 'max'}]
SCORED /Users/vishnuv/Documents/Documents/weavehacks/evidence/cpu-swarm-ac-2026-09-24/search/trial-002/control-0.json True [{'name': 'gflops', 'value': 1491.647890988238, 'direction': 'max'}]
SCORED /Users/vishnuv/Documents/Documents/weavehacks/evidence/cpu-swarm-ac-2026-09-24/search/trial-002/validation-0.json True [{'name': 'gflops', 'value': 1583.690047606618, 'direction': 'max'}]
SCORED /Users/vishnuv/Documents/Documents/weavehacks/evidence/cpu-swarm-ac-2026-09-24/search/trial-002/validation-1.json True [{'name': 'gflops', 'value': 1389.3599082355647, 'direction': 'max'}]
SCORED /Users/vishnuv/Documents/Documents/weavehacks/evidence/cpu-swarm-ac-2026-09-24/search/trial-002/control-1.json True [{'name': 'gflops', 'value': 1322.8895827407343, 'direction': 'max'}]
SCORED /Users/vishnuv/Documents/Documents/weavehacks/evidence/cpu-swarm-ac-2026-09-24/search/trial-002/control-2.json True [{'name': 'gflops', 'value': 893.4208775750162, 'direction': 'max'}]
SCORED /Users/vishnuv/Documents/Documents/weavehacks/evidence/cpu-swarm-ac-2026-09-24/search/trial-002/validation-2.json True [{'name': 'gflops', 'value': 1383.0891499218026, 'direction': 'max'}]
SCORED /Users/vishnuv/Documents/Documents/weavehacks/evidence/cpu-swarm-ac-2026-09-24/search/trial-003/control-0.json True [{'name': 'gflops', 'value': 1528.8237096613148, 'direction': 'max'}]
SCORED /Users/vishnuv/Documents/Documents/weavehacks/evidence/cpu-swarm-ac-2026-09-24/search/trial-003/validation-0.json True [{'name': 'gflops', 'value': 1403.8923582133943, 'direction': 'max'}]
SCORED /Users/vishnuv/Documents/Documents/weavehacks/evidence/cpu-swarm-ac-2026-09-24/search/trial-003/validation-1.json True [{'name': 'gflops', 'value': 1302.8254106184925, 'direction': 'max'}]
SCORED /Users/vishnuv/Documents/Documents/weavehacks/evidence/cpu-swarm-ac-2026-09-24/search/trial-003/control-1.json True [{'name': 'gflops', 'value': 1007.1075621145387, 'direction': 'max'}]
SCORED /Users/vishnuv/Documents/Documents/weavehacks/evidence/cpu-swarm-ac-2026-09-24/search/trial-003/control-2.json True [{'name': 'gflops', 'value': 1444.1718924026168, 'direction': 'max'}]
SCORED /Users/vishnuv/Documents/Documents/weavehacks/evidence/cpu-swarm-ac-2026-09-24/search/trial-003/validation-2.json True [{'name': 'gflops', 'value': 1524.8462856172978, 'direction': 'max'}]
SCORED /Users/vishnuv/Documents/Documents/weavehacks/evidence/cpu-swarm-ac-2026-09-24/search/trial-004/control-0.json True [{'name': 'gflops', 'value': 1597.0410543776825, 'direction': 'max'}]
SCORED /Users/vishnuv/Documents/Documents/weavehacks/evidence/cpu-swarm-ac-2026-09-24/search/trial-004/validation-0.json True [{'name': 'gflops', 'value': 811.6968370669714, 'direction': 'max'}]
SCORED /Users/vishnuv/Documents/Documents/weavehacks/evidence/cpu-swarm-ac-2026-09-24/search/trial-004/validation-1.json True [{'name': 'gflops', 'value': 1483.0687329294026, 'direction': 'max'}]
SCORED /Users/vishnuv/Documents/Documents/weavehacks/evidence/cpu-swarm-ac-2026-09-24/search/trial-004/control-1.json True [{'name': 'gflops', 'value': 1017.6027289204618, 'direction': 'max'}]
SCORED /Users/vishnuv/Documents/Documents/weavehacks/evidence/cpu-swarm-ac-2026-09-24/search/trial-004/control-2.json True [{'name': 'gflops', 'value': 1505.24829301313, 'direction': 'max'}]
SCORED /Users/vishnuv/Documents/Documents/weavehacks/evidence/cpu-swarm-ac-2026-09-24/search/trial-004/validation-2.json True [{'name': 'gflops', 'value': 1393.564905406668, 'direction': 'max'}]
SCORED /Users/vishnuv/Documents/Documents/weavehacks/evidence/cpu-swarm-ac-2026-09-24/search/trial-005/control-0.json True [{'name': 'gflops', 'value': 1074.455309285413, 'direction': 'max'}]
SCORED /Users/vishnuv/Documents/Documents/weavehacks/evidence/cpu-swarm-ac-2026-09-24/search/trial-005/validation-0.json True [{'name': 'gflops', 'value': 1002.4065848223175, 'direction': 'max'}]
SCORED /Users/vishnuv/Documents/Documents/weavehacks/evidence/cpu-swarm-ac-2026-09-24/search/trial-005/validation-1.json True [{'name': 'gflops', 'value': 1561.4247713026978, 'direction': 'max'}]
SCORED /Users/vishnuv/Documents/Documents/weavehacks/evidence/cpu-swarm-ac-2026-09-24/search/trial-005/control-1.json True [{'name': 'gflops', 'value': 1446.1169198426464, 'direction': 'max'}]
SCORED /Users/vishnuv/Documents/Documents/weavehacks/evidence/cpu-swarm-ac-2026-09-24/search/trial-005/control-2.json True [{'name': 'gflops', 'value': 1343.2923019486238, 'direction': 'max'}]
SCORED /Users/vishnuv/Documents/Documents/weavehacks/evidence/cpu-swarm-ac-2026-09-24/search/trial-005/validation-2.json True [{'name': 'gflops', 'value': 1462.863518238312, 'direction': 'max'}]
SCORED /Users/vishnuv/Documents/Documents/weavehacks/evidence/cpu-swarm-ac-2026-09-24/search/final.json True [{'name': 'gflops', 'value': 1579.4130852862834, 'direction': 'max'}]
RESULT {"status": "completed", "target_met": false, "final_gflops": 1579.4130852862834, "winner_source": "/Users/vishnuv/Documents/Documents/weavehacks/evidence/cpu-swarm-ac-2026-09-24/search/trial-000/source/kernel.c", "stop_reason": "search-exhausted"}
