
kernel-opt @ 76db49356748
  submission   /var/folders/4f/r4sxs9j97fdf1c4x4r1wxlt40000gn/T/sera-kernel-2fc7ynt2
  hash         sha256:d58cfd607378…  
  params       n=512  tolerance=0.002
  PASSED       gflops=784.995 (max)
  config       mode=validation*  n=512*  tolerance=0.002*  machine=MacBook-Pro-8.local*   (* = primary)
  report       /Users/vishnuv/.autolab/hills/runs/kernel-opt/20260925T211858Z-4692c3bf/report.json

wrote /Users/vishnuv/Documents/Documents/weavehacks/evidence/cpu-libxsmm-strassen-swarm-2026-09-25/search/trial-003/control-6.json
{
  "hill": "kernel-opt",
  "tree_hash": "76db49356748c18dccac376bed489268b047b60a",
  "commit": "34cf4e8f6319252dfb8c368ba7c918c00bdece87",
  "submission_hash": "sha256:d58cfd60737817a40352b20f47ad1c2f54b30fb320c9ab5e0831081bc448181c",
  "submission_git": null,
  "passed": true,
  "config": [
    {
      "name": "mode",
      "value": "validation",
      "primary": true
    },
    {
      "name": "n",
      "value": 512,
      "primary": true
    },
    {
      "name": "tolerance",
      "value": 0.002,
      "primary": true
    },
    {
      "name": "machine",
      "value": "MacBook-Pro-8.local",
      "primary": true
    }
  ],
  "metrics": [
    {
      "name": "gflops",
      "value": 784.9953912726533,
      "direction": "max"
    }
  ],
  "details": {
    "seconds_best_of_3": 0.0003419580025365576,
    "timings_seconds": [
      0.0003419580025365576,
      0.0003435830003581941,
      0.0003429159987717867
    ],
    "compiler": "Apple clang version 21.0.0 (clang-2100.1.1.101)",
    "compiler_flags": [
      "-O3",
      "-march=native",
      "-ffast-math",
      "-shared",
      "-fPIC",
      "-lm"
    ],
    "architecture": "arm64",
    "platform": "Darwin",
    "checksum": 8728.939453125
  },
  "params": {
    "n": 512,
    "tolerance": 0.002
  },
  "final": false,
  "official": true,
  "official_reason": null,
  "hill_spec_version": 2,
  "tool": {
    "version": "0.11.0",
    "sha256": "970e4a3fcb74c27e0c56b62efd22b4fab82a755229a8aef8f90bbc00a9cfe275"
  },
  "timestamp": "2026-09-25T21:18:59Z",
  "report_version": 1,
  "signature": "hmac-sha256:86420b6e28964ab993322e468241d5adb6a0b2a47a12f6df6760972acef30f3a"
}
