
kernel-opt @ 76db49356748
  submission   /var/folders/4f/r4sxs9j97fdf1c4x4r1wxlt40000gn/T/sera-kernel-i8xjvhs6
  hash         sha256:0b4bee858aeb…  
  params       n=512  tolerance=0.002
  PASSED       gflops=1526.65 (max)
  config       mode=test*  n=512*  tolerance=0.002*  machine=MacBook-Pro-8.local*   (* = primary)
  report       /Users/vishnuv/.autolab/hills/runs/kernel-opt/20260925T042141Z-b7ef7582/report.json

wrote /Users/vishnuv/Documents/Documents/weavehacks/evidence/cpu-swarm-sme2-2026-09-24/search/final.json
{
  "hill": "kernel-opt",
  "tree_hash": "76db49356748c18dccac376bed489268b047b60a",
  "commit": "34cf4e8f6319252dfb8c368ba7c918c00bdece87",
  "submission_hash": "sha256:0b4bee858aebc065624ff6b753997635a248882fe679e85d9e349cb14a24aefa",
  "submission_git": null,
  "passed": true,
  "config": [
    {
      "name": "mode",
      "value": "test",
      "primary": true
    },
    {
      "name": "n",
      "value": 512,
      "primary": true
    },
    {
      "name": "tolerance",
      "value": 0.002,
      "primary": true
    },
    {
      "name": "machine",
      "value": "MacBook-Pro-8.local",
      "primary": true
    }
  ],
  "metrics": [
    {
      "name": "gflops",
      "value": 1526.6500060339845,
      "direction": "max"
    }
  ],
  "details": {
    "seconds_best_of_3": 0.00017583300359547138,
    "timings_seconds": [
      0.0003116250009043142,
      0.00017587500042282045,
      0.00017583300359547138
    ],
    "compiler": "Apple clang version 21.0.0 (clang-2100.1.1.101)",
    "compiler_flags": [
      "-O3",
      "-march=native",
      "-ffast-math",
      "-shared",
      "-fPIC",
      "-lm"
    ],
    "architecture": "arm64",
    "platform": "Darwin",
    "checksum": 15460.7978515625
  },
  "params": {
    "n": 512,
    "tolerance": 0.002
  },
  "final": true,
  "official": true,
  "official_reason": null,
  "hill_spec_version": 2,
  "tool": {
    "version": "0.11.0",
    "sha256": "970e4a3fcb74c27e0c56b62efd22b4fab82a755229a8aef8f90bbc00a9cfe275"
  },
  "timestamp": "2026-09-25T04:21:42Z",
  "report_version": 1,
  "signature": "hmac-sha256:404cb0a3a8ec7bb96f1cdb459d47e5fc6882f53f6b1e371b8753a3c41426e8f0"
}
