
kernel-opt @ 76db49356748
  submission   /var/folders/4f/r4sxs9j97fdf1c4x4r1wxlt40000gn/T/sera-kernel-6clez8rr
  hash         sha256:7c4e7045f7ed…  
  params       n=512  tolerance=0.002
  PASSED       gflops=893.171 (max)
  config       mode=validation*  n=512*  tolerance=0.002*  machine=MacBook-Pro-8.local*   (* = primary)
  report       /Users/vishnuv/.autolab/hills/runs/kernel-opt/20260925T215653Z-1d9ec416/report.json

wrote /Users/vishnuv/Documents/Documents/weavehacks/evidence/cpu-best-kernel-sme-techniques-2026-09-25/search/trial-002/control-1.json
{
  "hill": "kernel-opt",
  "tree_hash": "76db49356748c18dccac376bed489268b047b60a",
  "commit": "34cf4e8f6319252dfb8c368ba7c918c00bdece87",
  "submission_hash": "sha256:7c4e7045f7edd4fc6f3cf35b2214c865e35803d10e48e839b17f80775269f1cf",
  "submission_git": null,
  "passed": true,
  "config": [
    {
      "name": "mode",
      "value": "validation",
      "primary": true
    },
    {
      "name": "n",
      "value": 512,
      "primary": true
    },
    {
      "name": "tolerance",
      "value": 0.002,
      "primary": true
    },
    {
      "name": "machine",
      "value": "MacBook-Pro-8.local",
      "primary": true
    }
  ],
  "metrics": [
    {
      "name": "gflops",
      "value": 893.1712329754055,
      "direction": "max"
    }
  ],
  "details": {
    "seconds_best_of_3": 0.0003005419857800007,
    "timings_seconds": [
      0.0003707919968292117,
      0.0003005419857800007,
      0.0004282910085748881
    ],
    "compiler": "Apple clang version 21.0.0 (clang-2100.1.1.101)",
    "compiler_flags": [
      "-O3",
      "-march=native",
      "-ffast-math",
      "-shared",
      "-fPIC",
      "-lm"
    ],
    "architecture": "arm64",
    "platform": "Darwin",
    "checksum": 8728.939453125
  },
  "params": {
    "n": 512,
    "tolerance": 0.002
  },
  "final": false,
  "official": true,
  "official_reason": null,
  "hill_spec_version": 2,
  "tool": {
    "version": "0.11.0",
    "sha256": "970e4a3fcb74c27e0c56b62efd22b4fab82a755229a8aef8f90bbc00a9cfe275"
  },
  "timestamp": "2026-09-25T21:56:54Z",
  "report_version": 1,
  "signature": "hmac-sha256:78628f8efd925869030121b17c7c429a0359219c4db6c06127dae9567bb108a0"
}
