
kernel-opt @ 76db49356748
  submission   /var/folders/4f/r4sxs9j97fdf1c4x4r1wxlt40000gn/T/sera-kernel-26t2c35u
  hash         sha256:d58cfd607378…  
  params       n=512  tolerance=0.002
  PASSED       gflops=848.695 (max)
  config       mode=test*  n=512*  tolerance=0.002*  machine=MacBook-Pro-8.local*   (* = primary)
  report       /Users/vishnuv/.autolab/hills/runs/kernel-opt/20260925T211924Z-4a94a1fa/report.json

wrote /Users/vishnuv/Documents/Documents/weavehacks/evidence/cpu-libxsmm-strassen-swarm-2026-09-25/search/final.json
{
  "hill": "kernel-opt",
  "tree_hash": "76db49356748c18dccac376bed489268b047b60a",
  "commit": "34cf4e8f6319252dfb8c368ba7c918c00bdece87",
  "submission_hash": "sha256:d58cfd60737817a40352b20f47ad1c2f54b30fb320c9ab5e0831081bc448181c",
  "submission_git": null,
  "passed": true,
  "config": [
    {
      "name": "mode",
      "value": "test",
      "primary": true
    },
    {
      "name": "n",
      "value": 512,
      "primary": true
    },
    {
      "name": "tolerance",
      "value": 0.002,
      "primary": true
    },
    {
      "name": "machine",
      "value": "MacBook-Pro-8.local",
      "primary": true
    }
  ],
  "metrics": [
    {
      "name": "gflops",
      "value": 848.6950436207126,
      "direction": "max"
    }
  ],
  "details": {
    "seconds_best_of_3": 0.00031629200384486467,
    "timings_seconds": [
      0.00032533401099499315,
      0.00031629200384486467,
      0.0003305830032331869
    ],
    "compiler": "Apple clang version 21.0.0 (clang-2100.1.1.101)",
    "compiler_flags": [
      "-O3",
      "-march=native",
      "-ffast-math",
      "-shared",
      "-fPIC",
      "-lm"
    ],
    "architecture": "arm64",
    "platform": "Darwin",
    "checksum": 15460.7978515625
  },
  "params": {
    "n": 512,
    "tolerance": 0.002
  },
  "final": true,
  "official": true,
  "official_reason": null,
  "hill_spec_version": 2,
  "tool": {
    "version": "0.11.0",
    "sha256": "970e4a3fcb74c27e0c56b62efd22b4fab82a755229a8aef8f90bbc00a9cfe275"
  },
  "timestamp": "2026-09-25T21:19:25Z",
  "report_version": 1,
  "signature": "hmac-sha256:8874d4192ff1ca39a8a655e19a4b7be19c0ae1ba8c843f129ec99ade544de7b7"
}
