
kernel-opt @ 76db49356748
  submission   /var/folders/4f/r4sxs9j97fdf1c4x4r1wxlt40000gn/T/sera-kernel-9t1i1hsx
  hash         sha256:0b4bee858aeb…  
  params       n=512  tolerance=0.002
  PASSED       gflops=1074.46 (max)
  config       mode=validation*  n=512*  tolerance=0.002*  machine=MacBook-Pro-8.local*   (* = primary)
  report       /Users/vishnuv/.autolab/hills/runs/kernel-opt/20260925T035807Z-08b5a278/report.json

wrote /Users/vishnuv/Documents/Documents/weavehacks/evidence/cpu-swarm-ac-2026-09-24/search/trial-005/control-0.json
{
  "hill": "kernel-opt",
  "tree_hash": "76db49356748c18dccac376bed489268b047b60a",
  "commit": "34cf4e8f6319252dfb8c368ba7c918c00bdece87",
  "submission_hash": "sha256:0b4bee858aebc065624ff6b753997635a248882fe679e85d9e349cb14a24aefa",
  "submission_git": null,
  "passed": true,
  "config": [
    {
      "name": "mode",
      "value": "validation",
      "primary": true
    },
    {
      "name": "n",
      "value": 512,
      "primary": true
    },
    {
      "name": "tolerance",
      "value": 0.002,
      "primary": true
    },
    {
      "name": "machine",
      "value": "MacBook-Pro-8.local",
      "primary": true
    }
  ],
  "metrics": [
    {
      "name": "gflops",
      "value": 1074.455309285413,
      "direction": "max"
    }
  ],
  "details": {
    "seconds_best_of_3": 0.0002498339890735224,
    "timings_seconds": [
      0.00035900001239497215,
      0.0003217920020688325,
      0.0002498339890735224
    ],
    "compiler": "Apple clang version 21.0.0 (clang-2100.1.1.101)",
    "compiler_flags": [
      "-O3",
      "-march=native",
      "-ffast-math",
      "-shared",
      "-fPIC",
      "-lm"
    ],
    "architecture": "arm64",
    "platform": "Darwin",
    "checksum": 8728.939453125
  },
  "params": {
    "n": 512,
    "tolerance": 0.002
  },
  "final": false,
  "official": true,
  "official_reason": null,
  "hill_spec_version": 2,
  "tool": {
    "version": "0.11.0",
    "sha256": "970e4a3fcb74c27e0c56b62efd22b4fab82a755229a8aef8f90bbc00a9cfe275"
  },
  "timestamp": "2026-09-25T03:58:08Z",
  "report_version": 1,
  "signature": "hmac-sha256:beeba05e8d83f29f2af69dde1548a04578c31d09963807f9546a476389ee5c7f"
}
