
kernel-opt @ 76db49356748
  submission   /var/folders/4f/r4sxs9j97fdf1c4x4r1wxlt40000gn/T/sera-kernel-bz92f6wc
  hash         sha256:7c4e7045f7ed…  
  params       n=512  tolerance=0.002
  PASSED       gflops=766.319 (max)
  config       mode=validation*  n=512*  tolerance=0.002*  machine=MacBook-Pro-8.local*   (* = primary)
  report       /Users/vishnuv/.autolab/hills/runs/kernel-opt/20260925T215403Z-ee471927/report.json

wrote /Users/vishnuv/Documents/Documents/weavehacks/evidence/cpu-best-kernel-sme-techniques-2026-09-25/search/trial-001/control-7.json
{
  "hill": "kernel-opt",
  "tree_hash": "76db49356748c18dccac376bed489268b047b60a",
  "commit": "34cf4e8f6319252dfb8c368ba7c918c00bdece87",
  "submission_hash": "sha256:7c4e7045f7edd4fc6f3cf35b2214c865e35803d10e48e839b17f80775269f1cf",
  "submission_git": null,
  "passed": true,
  "config": [
    {
      "name": "mode",
      "value": "validation",
      "primary": true
    },
    {
      "name": "n",
      "value": 512,
      "primary": true
    },
    {
      "name": "tolerance",
      "value": 0.002,
      "primary": true
    },
    {
      "name": "machine",
      "value": "MacBook-Pro-8.local",
      "primary": true
    }
  ],
  "metrics": [
    {
      "name": "gflops",
      "value": 766.3190830310396,
      "direction": "max"
    }
  ],
  "details": {
    "seconds_best_of_3": 0.00035029201535508037,
    "timings_seconds": [
      0.000378625001758337,
      0.0003972089907620102,
      0.00035029201535508037
    ],
    "compiler": "Apple clang version 21.0.0 (clang-2100.1.1.101)",
    "compiler_flags": [
      "-O3",
      "-march=native",
      "-ffast-math",
      "-shared",
      "-fPIC",
      "-lm"
    ],
    "architecture": "arm64",
    "platform": "Darwin",
    "checksum": 8728.939453125
  },
  "params": {
    "n": 512,
    "tolerance": 0.002
  },
  "final": false,
  "official": true,
  "official_reason": null,
  "hill_spec_version": 2,
  "tool": {
    "version": "0.11.0",
    "sha256": "970e4a3fcb74c27e0c56b62efd22b4fab82a755229a8aef8f90bbc00a9cfe275"
  },
  "timestamp": "2026-09-25T21:54:04Z",
  "report_version": 1,
  "signature": "hmac-sha256:96065d42777d3669f1042e3e3da39d6501b3d3527525268b62e40c6edc2c883b"
}
